// Jest Snapshot v1, https://goo.gl/fbAQLP

exports[`CoursesPage does a meaningful test... 1`] = `
Array [
  <h2>
    Courses
  </h2>,
  <button
    className="btn btn-primary add-course"
    onClick={[Function]}
    style={
      Object {
        "marginBottom": 20,
      }
    }
  >
    Add Course
  </button>,
  <table
    className="table"
  >
    <thead>
      <tr>
        <th />
        <th>
          Title
        </th>
        <th>
          Author
        </th>
        <th>
          Category
        </th>
        <th />
      </tr>
    </thead>
    <tbody>
      <tr
        className="course"
      >
        <td>
          <a
            className="btn btn-light"
            href="http://pluralsight.com/courses/react-auth0-authentication-security"
          >
            Watch
          </a>
        </td>
        <td>
          <a
            href="/course/react-auth0-authentication-security"
            onClick={[Function]}
          >
            Securing React Apps with Auth0
          </a>
        </td>
        <td>
          Cory House
        </td>
        <td>
          JavaScript
        </td>
        <td>
          <button
            className="btn btn-outline-danger delete-course-btn"
            onClick={[Function]}
          >
            Delete
          </button>
        </td>
      </tr>
      <tr
        className="course"
      >
        <td>
          <a
            className="btn btn-light"
            href="http://pluralsight.com/courses/react-big-picture"
          >
            Watch
          </a>
        </td>
        <td>
          <a
            href="/course/react-big-picture"
            onClick={[Function]}
          >
            React: The Big Picture
          </a>
        </td>
        <td>
          Cory House
        </td>
        <td>
          JavaScript
        </td>
        <td>
          <button
            className="btn btn-outline-danger delete-course-btn"
            onClick={[Function]}
          >
            Delete
          </button>
        </td>
      </tr>
      <tr
        className="course"
      >
        <td>
          <a
            className="btn btn-light"
            href="http://pluralsight.com/courses/react-creating-reusable-components"
          >
            Watch
          </a>
        </td>
        <td>
          <a
            href="/course/react-creating-reusable-components"
            onClick={[Function]}
          >
            Creating Reusable React Components
          </a>
        </td>
        <td>
          Cory House
        </td>
        <td>
          JavaScript
        </td>
        <td>
          <button
            className="btn btn-outline-danger delete-course-btn"
            onClick={[Function]}
          >
            Delete
          </button>
        </td>
      </tr>
      <tr
        className="course"
      >
        <td>
          <a
            className="btn btn-light"
            href="http://pluralsight.com/courses/javascript-development-environment"
          >
            Watch
          </a>
        </td>
        <td>
          <a
            href="/course/javascript-development-environment"
            onClick={[Function]}
          >
            Building a JavaScript Development Environment
          </a>
        </td>
        <td>
          Cory House
        </td>
        <td>
          JavaScript
        </td>
        <td>
          <button
            className="btn btn-outline-danger delete-course-btn"
            onClick={[Function]}
          >
            Delete
          </button>
        </td>
      </tr>
      <tr
        className="course"
      >
        <td>
          <a
            className="btn btn-light"
            href="http://pluralsight.com/courses/react-redux-react-router-es6"
          >
            Watch
          </a>
        </td>
        <td>
          <a
            href="/course/react-redux-react-router-es6"
            onClick={[Function]}
          >
            Building Applications with React and Redux
          </a>
        </td>
        <td>
          Cory House
        </td>
        <td>
          JavaScript
        </td>
        <td>
          <button
            className="btn btn-outline-danger delete-course-btn"
            onClick={[Function]}
          >
            Delete
          </button>
        </td>
      </tr>
      <tr
        className="course"
      >
        <td>
          <a
            className="btn btn-light"
            href="http://pluralsight.com/courses/react-flux-building-applications"
          >
            Watch
          </a>
        </td>
        <td>
          <a
            href="/course/react-flux-building-applications"
            onClick={[Function]}
          >
            Building Applications in React and Flux
          </a>
        </td>
        <td>
          Cory House
        </td>
        <td>
          JavaScript
        </td>
        <td>
          <button
            className="btn btn-outline-danger delete-course-btn"
            onClick={[Function]}
          >
            Delete
          </button>
        </td>
      </tr>
      <tr
        className="course"
      >
        <td>
          <a
            className="btn btn-light"
            href="http://pluralsight.com/courses/writing-clean-code-humans"
          >
            Watch
          </a>
        </td>
        <td>
          <a
            href="/course/writing-clean-code-humans"
            onClick={[Function]}
          >
            Clean Code: Writing Code for Humans
          </a>
        </td>
        <td>
          Cory House
        </td>
        <td>
          Software Practices
        </td>
        <td>
          <button
            className="btn btn-outline-danger delete-course-btn"
            onClick={[Function]}
          >
            Delete
          </button>
        </td>
      </tr>
      <tr
        className="course"
      >
        <td>
          <a
            className="btn btn-light"
            href="http://pluralsight.com/courses/architecting-applications-dotnet"
          >
            Watch
          </a>
        </td>
        <td>
          <a
            href="/course/architecting-applications-dotnet"
            onClick={[Function]}
          >
            Architecting Applications for the Real World
          </a>
        </td>
        <td>
          Cory House
        </td>
        <td>
          Software Architecture
        </td>
        <td>
          <button
            className="btn btn-outline-danger delete-course-btn"
            onClick={[Function]}
          >
            Delete
          </button>
        </td>
      </tr>
      <tr
        className="course"
      >
        <td>
          <a
            className="btn btn-light"
            href="http://pluralsight.com/courses/career-reboot-for-developer-mind"
          >
            Watch
          </a>
        </td>
        <td>
          <a
            href="/course/career-reboot-for-developer-mind"
            onClick={[Function]}
          >
            Becoming an Outlier: Reprogramming the Developer Mind
          </a>
        </td>
        <td>
          Cory House
        </td>
        <td>
          Career
        </td>
        <td>
          <button
            className="btn btn-outline-danger delete-course-btn"
            onClick={[Function]}
          >
            Delete
          </button>
        </td>
      </tr>
      <tr
        className="course"
      >
        <td>
          <a
            className="btn btn-light"
            href="http://pluralsight.com/courses/web-components-shadow-dom"
          >
            Watch
          </a>
        </td>
        <td>
          <a
            href="/course/web-components-shadow-dom"
            onClick={[Function]}
          >
            Web Component Fundamentals
          </a>
        </td>
        <td>
          Cory House
        </td>
        <td>
          HTML5
        </td>
        <td>
          <button
            className="btn btn-outline-danger delete-course-btn"
            onClick={[Function]}
          >
            Delete
          </button>
        </td>
      </tr>
    </tbody>
  </table>,
]
`;

exports[`CoursesPage sets submit button label 'saving...' when saving is true 1`] = `
Array [
  <h2>
    Courses
  </h2>,
  <button
    className="btn btn-primary add-course"
    onClick={[Function]}
    style={
      Object {
        "marginBottom": 20,
      }
    }
  >
    Add Course
  </button>,
  <table
    className="table"
  >
    <thead>
      <tr>
        <th />
        <th>
          Title
        </th>
        <th>
          Author
        </th>
        <th>
          Category
        </th>
        <th />
      </tr>
    </thead>
    <tbody>
      <tr
        className="course"
      >
        <td>
          <a
            className="btn btn-light"
            href="http://pluralsight.com/courses/react-auth0-authentication-security"
          >
            Watch
          </a>
        </td>
        <td>
          <a
            href="/course/react-auth0-authentication-security"
            onClick={[Function]}
          >
            Securing React Apps with Auth0
          </a>
        </td>
        <td>
          Cory House
        </td>
        <td>
          JavaScript
        </td>
        <td>
          <button
            className="btn btn-outline-danger delete-course-btn"
            onClick={[Function]}
          >
            Delete
          </button>
        </td>
      </tr>
      <tr
        className="course"
      >
        <td>
          <a
            className="btn btn-light"
            href="http://pluralsight.com/courses/react-big-picture"
          >
            Watch
          </a>
        </td>
        <td>
          <a
            href="/course/react-big-picture"
            onClick={[Function]}
          >
            React: The Big Picture
          </a>
        </td>
        <td>
          Cory House
        </td>
        <td>
          JavaScript
        </td>
        <td>
          <button
            className="btn btn-outline-danger delete-course-btn"
            onClick={[Function]}
          >
            Delete
          </button>
        </td>
      </tr>
      <tr
        className="course"
      >
        <td>
          <a
            className="btn btn-light"
            href="http://pluralsight.com/courses/react-creating-reusable-components"
          >
            Watch
          </a>
        </td>
        <td>
          <a
            href="/course/react-creating-reusable-components"
            onClick={[Function]}
          >
            Creating Reusable React Components
          </a>
        </td>
        <td>
          Cory House
        </td>
        <td>
          JavaScript
        </td>
        <td>
          <button
            className="btn btn-outline-danger delete-course-btn"
            onClick={[Function]}
          >
            Delete
          </button>
        </td>
      </tr>
      <tr
        className="course"
      >
        <td>
          <a
            className="btn btn-light"
            href="http://pluralsight.com/courses/javascript-development-environment"
          >
            Watch
          </a>
        </td>
        <td>
          <a
            href="/course/javascript-development-environment"
            onClick={[Function]}
          >
            Building a JavaScript Development Environment
          </a>
        </td>
        <td>
          Cory House
        </td>
        <td>
          JavaScript
        </td>
        <td>
          <button
            className="btn btn-outline-danger delete-course-btn"
            onClick={[Function]}
          >
            Delete
          </button>
        </td>
      </tr>
      <tr
        className="course"
      >
        <td>
          <a
            className="btn btn-light"
            href="http://pluralsight.com/courses/react-redux-react-router-es6"
          >
            Watch
          </a>
        </td>
        <td>
          <a
            href="/course/react-redux-react-router-es6"
            onClick={[Function]}
          >
            Building Applications with React and Redux
          </a>
        </td>
        <td>
          Cory House
        </td>
        <td>
          JavaScript
        </td>
        <td>
          <button
            className="btn btn-outline-danger delete-course-btn"
            onClick={[Function]}
          >
            Delete
          </button>
        </td>
      </tr>
      <tr
        className="course"
      >
        <td>
          <a
            className="btn btn-light"
            href="http://pluralsight.com/courses/react-flux-building-applications"
          >
            Watch
          </a>
        </td>
        <td>
          <a
            href="/course/react-flux-building-applications"
            onClick={[Function]}
          >
            Building Applications in React and Flux
          </a>
        </td>
        <td>
          Cory House
        </td>
        <td>
          JavaScript
        </td>
        <td>
          <button
            className="btn btn-outline-danger delete-course-btn"
            onClick={[Function]}
          >
            Delete
          </button>
        </td>
      </tr>
      <tr
        className="course"
      >
        <td>
          <a
            className="btn btn-light"
            href="http://pluralsight.com/courses/writing-clean-code-humans"
          >
            Watch
          </a>
        </td>
        <td>
          <a
            href="/course/writing-clean-code-humans"
            onClick={[Function]}
          >
            Clean Code: Writing Code for Humans
          </a>
        </td>
        <td>
          Cory House
        </td>
        <td>
          Software Practices
        </td>
        <td>
          <button
            className="btn btn-outline-danger delete-course-btn"
            onClick={[Function]}
          >
            Delete
          </button>
        </td>
      </tr>
      <tr
        className="course"
      >
        <td>
          <a
            className="btn btn-light"
            href="http://pluralsight.com/courses/architecting-applications-dotnet"
          >
            Watch
          </a>
        </td>
        <td>
          <a
            href="/course/architecting-applications-dotnet"
            onClick={[Function]}
          >
            Architecting Applications for the Real World
          </a>
        </td>
        <td>
          Cory House
        </td>
        <td>
          Software Architecture
        </td>
        <td>
          <button
            className="btn btn-outline-danger delete-course-btn"
            onClick={[Function]}
          >
            Delete
          </button>
        </td>
      </tr>
      <tr
        className="course"
      >
        <td>
          <a
            className="btn btn-light"
            href="http://pluralsight.com/courses/career-reboot-for-developer-mind"
          >
            Watch
          </a>
        </td>
        <td>
          <a
            href="/course/career-reboot-for-developer-mind"
            onClick={[Function]}
          >
            Becoming an Outlier: Reprogramming the Developer Mind
          </a>
        </td>
        <td>
          Cory House
        </td>
        <td>
          Career
        </td>
        <td>
          <button
            className="btn btn-outline-danger delete-course-btn"
            onClick={[Function]}
          >
            Delete
          </button>
        </td>
      </tr>
      <tr
        className="course"
      >
        <td>
          <a
            className="btn btn-light"
            href="http://pluralsight.com/courses/web-components-shadow-dom"
          >
            Watch
          </a>
        </td>
        <td>
          <a
            href="/course/web-components-shadow-dom"
            onClick={[Function]}
          >
            Web Component Fundamentals
          </a>
        </td>
        <td>
          Cory House
        </td>
        <td>
          HTML5
        </td>
        <td>
          <button
            className="btn btn-outline-danger delete-course-btn"
            onClick={[Function]}
          >
            Delete
          </button>
        </td>
      </tr>
    </tbody>
  </table>,
]
`;
